QA output created by 047
Formatting 'TEST_DIR/t.IMGFMT', fmt=IMGFMT size=134217728 
qemu-io> wrote 327680/327680 bytes at offset 0
320 KiB, X ops; XX:XX:XX.X (XXX YYY/sec and XXX ops/sec)
qemu-io> wrote 131072/131072 bytes at offset 327680
128 KiB, X ops; XX:XX:XX.X (XXX YYY/sec and XXX ops/sec)
qemu-io> wrote 131072/131072 bytes at offset 1048576
128 KiB, X ops; XX:XX:XX.X (XXX YYY/sec and XXX ops/sec)
qemu-io> wrote 131072/131072 bytes at offset 458752
128 KiB, X ops; XX:XX:XX.X (XXX YYY/sec and XXX ops/sec)
qemu-io> discard 131072/131072 bytes at offset 327680
128 KiB, X ops; XX:XX:XX.X (XXX YYY/sec and XXX ops/sec)
qemu-io> qemu-io> qemu-io> wrote 491520/491520 bytes at offset 0
480 KiB, X ops; XX:XX:XX.X (XXX YYY/sec and XXX ops/sec)
qemu-io> qemu-io> qemu-io> read 491520/491520 bytes at offset 0
480 KiB, X ops; XX:XX:XX.X (XXX YYY/sec and XXX ops/sec)
qemu-io> read 98304/98304 bytes at offset 491520
96 KiB, X ops; XX:XX:XX.X (XXX YYY/sec and XXX ops/sec)
qemu-io> read 131072/131072 bytes at offset 1048576
128 KiB, X ops; XX:XX:XX.X (XXX YYY/sec and XXX ops/sec)
qemu-io> No errors were found on the image.
*** done
